******************************************************************************
                  TI ARM Linker PC v20.2.7                     
******************************************************************************
>> Linked Thu Aug  1 18:16:22 2024

OUTPUT FILE NAME:   <ARM_Final_project.out>
ENTRY POINT SYMBOL: "_c_int00_noargs"  address: 000018d5


MEMORY CONFIGURATION

         name            origin    length      used     unused   attr    fill
----------------------  --------  ---------  --------  --------  ----  --------
  FLASH                 00000000   00040000  00001d16  0003e2ea  R  X
  SRAM                  20000000   00008000  0000064c  000079b4  RW X


SEGMENT ALLOCATION MAP

run origin  load origin   length   init length attrs members
----------  ----------- ---------- ----------- ----- -------
00000000    00000000    00001d18   00001d18    r-x
  00000000    00000000    0000026c   0000026c    r-- .intvecs
  0000026c    0000026c    00001864   00001864    r-x .text
  00001ad0    00001ad0    00000146   00000146    r-- .const
  00001c18    00001c18    00000100   00000100    r-- .cinit
20000000    20000000    00000650   00000000    rw-
  20000000    20000000    00000274   00000000    rw- .data
  20000278    20000278    00000200   00000000    rw- .stack
  20000478    20000478    000001c8   00000000    rw- .bss
  20000640    20000640    00000010   00000000    rw- .sysmem


SECTION ALLOCATION MAP

 output                                  attributes/
section   page    origin      length       input sections
--------  ----  ----------  ----------   ----------------
.intvecs   0    00000000    0000026c     
                  00000000    0000026c     tm4c123gh6pm_startup_ccs.obj (.intvecs)

.text      0    0000026c    00001864     
                  0000026c    0000069c     main.obj (.text)
                  00000908    00000334     NVIC.obj (.text)
                  00000c3c    00000114     rtsv7M4_T_le_v4SPD16_eabi.lib : fputs.c.obj (.text:fputs)
                  00000d50    00000100                                   : memory.c.obj (.text:aligned_alloc)
                  00000e50    000000e4                                   : memory.c.obj (.text:free)
                  00000f34    000000dc     SysTick.obj (.text)
                  00001010    000000dc     rtsv7M4_T_le_v4SPD16_eabi.lib : setvbuf.c.obj (.text:setvbuf)
                  000010ec    0000009c                                   : memcpy_t2.asm.obj (.text)
                  00001188    0000007c                                   : fflush.c.obj (.text:fflush)
                  00001204    00000074                                   : fclose.c.obj (.text:__TI_closefile)
                  00001278    00000070                                   : memory.c.obj (.text:split)
                  000012e8    0000006c                                   : hostrename.c.obj (.text:HOSTrename)
                  00001354    00000068                                   : hostlseek.c.obj (.text:HOSTlseek)
                  000013bc    00000068                                   : copy_decompress_lzss.c.obj (.text:decompress:lzss:__TI_decompress_lzss)
                  00001424    00000064                                   : fseek.c.obj (.text:fseek)
                  00001488    00000062                                   : _io_perm.c.obj (.text:__TI_wrt_ok)
                  000014ea    00000002                                   : _lock.c.obj (.text:_nop)
                  000014ec    00000060                                   : hostopen.c.obj (.text:HOSTopen)
                  0000154c    0000005c                                   : close.c.obj (.text:close)
                  000015a8    00000058                                   : hostread.c.obj (.text:HOSTread)
                  00001600    00000058                                   : hostwrite.c.obj (.text:HOSTwrite)
                  00001658    0000004c                                   : fflush.c.obj (.text:__TI_doflush)
                  000016a4    00000048                                   : exit.c.obj (.text:exit)
                  000016ec    00000044                                   : hostclose.c.obj (.text:HOSTclose)
                  00001730    00000044                                   : hostunlink.c.obj (.text:HOSTunlink)
                  00001774    00000044                                   : autoinit.c.obj (.text:__TI_auto_init_nobinit_nopinit:__TI_auto_init_nobinit_nopinit)
                  000017b8    00000044                                   : getdevice.c.obj (.text:getdevice)
                  000017fc    00000038                                   : trgmsg.c.obj (.text:__TI_writemsg)
                  00001834    00000036                                   : strncpy.c.obj (.text:strncpy)
                  0000186a    00000002     --HOLE-- [fill = 0]
                  0000186c    00000034                                   : fopen.c.obj (.text:__TI_cleanup)
                  000018a0    00000034                                   : trgmsg.c.obj (.text:__TI_readmsg)
                  000018d4    00000034                                   : boot_cortex_m.c.obj (.text:_c_int00_noargs:_c_int00_noargs)
                  00001908    00000030                                   : getdevice.c.obj (.text:finddevice)
                  00001938    0000002c                                   : unlink.c.obj (.text:unlink)
                  00001964    00000028                                   : memory.c.obj (.text:free_list_insert)
                  0000198c    00000028                                   : lseek.c.obj (.text:lseek)
                  000019b4    00000028                                   : write.c.obj (.text:write)
                  000019dc    00000020                                   : memchr.c.obj (.text:memchr)
                  000019fc    0000001c                                   : assert.c.obj (.text:_abort_msg)
                  00001a18    0000001c                                   : copy_zero_init.c.obj (.text:decompress:ZI:__TI_zero_init_nomemset:__TI_zero_init_nomemset)
                  00001a34    0000001c                                   : memory.c.obj (.text:free_list_remove)
                  00001a50    00000018                                   : strcmp.c.obj (.text:strcmp)
                  00001a68    00000016                                   : strchr.c.obj (.text:strchr)
                  00001a7e    00000014                                   : strcpy.c.obj (.text:strcpy)
                  00001a92    00000014                                   : strlen.c.obj (.text:strlen)
                  00001aa6    0000000e                                   : copy_decompress_none.c.obj (.text:decompress:none:__TI_decompress_none)
                  00001ab4    0000000c     tm4c123gh6pm_startup_ccs.obj (.text)
                  00001ac0    00000008     rtsv7M4_T_le_v4SPD16_eabi.lib : memory.c.obj (.text:malloc)
                  00001ac8    00000004                                   : pre_init.c.obj (.text:_system_pre_init)
                  00001acc    00000004                                   : exit.c.obj (.text:abort:abort)

.const     0    00001ad0    00000146     
                  00001ad0    00000146     main.obj (.const:.string)

.cinit     0    00001c18    00000100     
                  00001c18    000000dc     (.cinit..data.load) [load image, compression = lzss]
                  00001cf4    0000000c     (__TI_handler_table)
                  00001d00    00000008     (.cinit..bss.load) [load image, compression = zero_init]
                  00001d08    00000010     (__TI_cinit_table)

.init_array 
*          0    00000000    00000000     UNINITIALIZED

.data      0    20000000    00000274     UNINITIALIZED
                  20000000    000000f0     rtsv7M4_T_le_v4SPD16_eabi.lib : defs.c.obj (.data:_ftable)
                  200000f0    0000008c     NVIC.obj (.data:NVIC_PRI_REGS)
                  2000017c    00000078     rtsv7M4_T_le_v4SPD16_eabi.lib : host_device.c.obj (.data:_device)
                  200001f4    00000050                                   : host_device.c.obj (.data:_stream)
                  20000244    00000010                                   : defs.c.obj (.data)
                  20000254    0000000c                                   : exit.c.obj (.data:$O1$$)
                  20000260    00000008                                   : _lock.c.obj (.data:$O1$$)
                  20000268    00000008                                   : memory.c.obj (.data:$O1$$)
                  20000270    00000004     SysTick.obj (.data)

.stack     0    20000278    00000200     UNINITIALIZED
                  20000278    00000004     rtsv7M4_T_le_v4SPD16_eabi.lib : boot_cortex_m.c.obj (.stack)
                  2000027c    000001fc     --HOLE--

.bss       0    20000478    000001c8     UNINITIALIZED
                  20000478    00000120     rtsv7M4_T_le_v4SPD16_eabi.lib : trgmsg.c.obj (.bss:_CIOBUF_)
                  20000598    000000a0     (.common:__TI_tmpnams)
                  20000638    00000008     (.common:parmbuf)

.sysmem    0    20000640    00000010     UNINITIALIZED
                  20000640    00000010     rtsv7M4_T_le_v4SPD16_eabi.lib : memory.c.obj (.sysmem)

__llvm_prf_cnts 
*          0    20000000    00000000     UNINITIALIZED

MODULE SUMMARY

       Module                         code   ro data   rw data
       ------                         ----   -------   -------
    .\
       main.obj                       1692   326       0      
       NVIC.obj                       820    0         140    
       tm4c123gh6pm_startup_ccs.obj   12     620       0      
       SysTick.obj                    220    0         4      
    +--+------------------------------+------+---------+---------+
       Total:                         2744   946       144    
                                                              
    C:\ti\ccs1271\ccs\tools\compiler\ti-cgt-arm_20.2.7.LTS\lib\rtsv7M4_T_le_v4SPD16_eabi.lib
       memory.c.obj                   672    0         8      
       defs.c.obj                     0      0         416    
       trgmsg.c.obj                   108    0         288    
       fputs.c.obj                    276    0         0      
       setvbuf.c.obj                  220    0         0      
       fflush.c.obj                   200    0         0      
       host_device.c.obj              0      0         200    
       memcpy_t2.asm.obj              156    0         0      
       fclose.c.obj                   116    0         0      
       getdevice.c.obj                116    0         0      
       hostrename.c.obj               108    0         0      
       copy_decompress_lzss.c.obj     104    0         0      
       hostlseek.c.obj                104    0         0      
       hostopen.c.obj                 96     0         8      
       fseek.c.obj                    100    0         0      
       _io_perm.c.obj                 98     0         0      
       close.c.obj                    92     0         0      
       exit.c.obj                     76     0         12     
       hostread.c.obj                 88     0         0      
       hostwrite.c.obj                88     0         0      
       autoinit.c.obj                 68     0         0      
       hostclose.c.obj                68     0         0      
       hostunlink.c.obj               68     0         0      
       strncpy.c.obj                  54     0         0      
       boot_cortex_m.c.obj            52     0         0      
       fopen.c.obj                    52     0         0      
       unlink.c.obj                   44     0         0      
       lseek.c.obj                    40     0         0      
       write.c.obj                    40     0         0      
       memchr.c.obj                   32     0         0      
       assert.c.obj                   28     0         0      
       copy_zero_init.c.obj           28     0         0      
       strcmp.c.obj                   24     0         0      
       strchr.c.obj                   22     0         0      
       strcpy.c.obj                   20     0         0      
       strlen.c.obj                   20     0         0      
       copy_decompress_none.c.obj     14     0         0      
       _lock.c.obj                    2      0         8      
       pre_init.c.obj                 4      0         0      
    +--+------------------------------+------+---------+---------+
       Total:                         3498   0         940    
                                                              
       Heap:                          0      0         16     
       Stack:                         0      0         512    
       Linker Generated:              0      256       0      
    +--+------------------------------+------+---------+---------+
       Grand Total:                   6242   1202      1612   


LINKER GENERATED COPY TABLES

__TI_cinit_table @ 00001d08 records: 2, size/record: 8, table size: 16
	.data: load addr=00001c18, load size=000000dc bytes, run addr=20000000, run size=00000274 bytes, compression=lzss
	.bss: load addr=00001d00, load size=00000008 bytes, run addr=20000478, run size=000001c8 bytes, compression=zero_init


LINKER GENERATED HANDLER TABLE

__TI_handler_table @ 00001cf4 records: 3, size/record: 4, table size: 12
	index: 0, handler: __TI_decompress_lzss
	index: 1, handler: __TI_decompress_none
	index: 2, handler: __TI_zero_init


GLOBAL SYMBOLS: SORTED ALPHABETICALLY BY Name 

address   name                           
-------   ----                           
00001acd  C$$EXIT                        
0000182b  C$$IO$$                        
000016ed  HOSTclose                      
00001355  HOSTlseek                      
000014ed  HOSTopen                       
000015a9  HOSTread                       
000012e9  HOSTrename                     
00001731  HOSTunlink                     
00001601  HOSTwrite                      
0000026d  Leds_Init                      
00000adf  NVIC_DisableException          
0000099d  NVIC_DisableIRQ                
00000a95  NVIC_EnableException           
00000909  NVIC_EnableIRQ                 
200000f0  NVIC_PRI_REGS                  
00000b29  NVIC_SetPriorityException      
00000a31  NVIC_SetPriorityIRQ            
00001ab5  ResetISR                       
00000fe5  SysTick_DeInit                 
00000fad  SysTick_Handler                
00000f35  SysTick_Init                   
00000fbd  SysTick_SetCallBack            
00000fd9  SysTick_Start                  
00000f67  SysTick_StartBusyWait          
00000fcd  SysTick_Stop                   
000002c5  Test_Exceptions_Settings       
20000478  __CIOBUF_                      
20000478  __STACK_END                    
00000200  __STACK_SIZE                   
20000478  __STACK_TOP                    
00000010  __SYSMEM_SIZE                  
00001d08  __TI_CINIT_Base                
00001d18  __TI_CINIT_Limit               
00001cf4  __TI_Handler_Table_Base        
00001d00  __TI_Handler_Table_Limit       
00001775  __TI_auto_init_nobinit_nopinit 
0000186d  __TI_cleanup                   
20000254  __TI_cleanup_ptr               
00001205  __TI_closefile                 
000013bd  __TI_decompress_lzss           
00001aa7  __TI_decompress_none           
00001659  __TI_doflush                   
20000258  __TI_dtors_ptr                 
2000025c  __TI_enable_exit_profile_output
20000244  __TI_ft_end                    
ffffffff  __TI_pprof_out_hndl            
ffffffff  __TI_prof_data_size            
ffffffff  __TI_prof_data_start           
000018a1  __TI_readmsg                   
00000000  __TI_static_base__             
20000598  __TI_tmpnams                   
000017fd  __TI_writemsg                  
00001489  __TI_wrt_ok                    
00001a19  __TI_zero_init_nomemset        
000010ed  __aeabi_memcpy                 
000010ed  __aeabi_memcpy4                
000010ed  __aeabi_memcpy8                
20000250  __aeabi_stderr                 
20000248  __aeabi_stdin                  
2000024c  __aeabi_stdout                 
ffffffff  __binit__                      
ffffffff  __c_args__                     
UNDEFED   __mpu_init                     
20000278  __stack                        
20000000  __start___llvm_prf_cnts        
20000000  __stop___llvm_prf_cnts         
000019fd  _abort_msg                     
000018d5  _c_int00_noargs                
2000017c  _device                        
20000000  _ftable                        
20000260  _lock                          
000014eb  _nop                           
200001f4  _stream                        
20000640  _sys_memory                    
UNDEFED   _system_post_cinit             
00001ac9  _system_pre_init               
20000264  _unlock                        
00001acd  abort                          
00000d51  aligned_alloc                  
ffffffff  binit                          
0000154d  close                          
000016a5  exit                           
00001189  fflush                         
00001909  finddevice                     
00000c3d  fputs                          
00000e51  free                           
00001425  fseek                          
00000000  g_pfnVectors                   
000017b9  getdevice                      
0000198d  lseek                          
00000891  main                           
00001ac1  malloc                         
00000d51  memalign                       
000019dd  memchr                         
000010ed  memcpy                         
20000638  parmbuf                        
00001939  remove                         
00001011  setvbuf                        
00001a69  strchr                         
00001a51  strcmp                         
00001a7f  strcpy                         
00001a93  strlen                         
00001835  strncpy                        
00001939  unlink                         
000019b5  write                          


GLOBAL SYMBOLS: SORTED BY Symbol Address 

address   name                           
-------   ----                           
00000000  __TI_static_base__             
00000000  g_pfnVectors                   
00000010  __SYSMEM_SIZE                  
00000200  __STACK_SIZE                   
0000026d  Leds_Init                      
000002c5  Test_Exceptions_Settings       
00000891  main                           
00000909  NVIC_EnableIRQ                 
0000099d  NVIC_DisableIRQ                
00000a31  NVIC_SetPriorityIRQ            
00000a95  NVIC_EnableException           
00000adf  NVIC_DisableException          
00000b29  NVIC_SetPriorityException      
00000c3d  fputs                          
00000d51  aligned_alloc                  
00000d51  memalign                       
00000e51  free                           
00000f35  SysTick_Init                   
00000f67  SysTick_StartBusyWait          
00000fad  SysTick_Handler                
00000fbd  SysTick_SetCallBack            
00000fcd  SysTick_Stop                   
00000fd9  SysTick_Start                  
00000fe5  SysTick_DeInit                 
00001011  setvbuf                        
000010ed  __aeabi_memcpy                 
000010ed  __aeabi_memcpy4                
000010ed  __aeabi_memcpy8                
000010ed  memcpy                         
00001189  fflush                         
00001205  __TI_closefile                 
000012e9  HOSTrename                     
00001355  HOSTlseek                      
000013bd  __TI_decompress_lzss           
00001425  fseek                          
00001489  __TI_wrt_ok                    
000014eb  _nop                           
000014ed  HOSTopen                       
0000154d  close                          
000015a9  HOSTread                       
00001601  HOSTwrite                      
00001659  __TI_doflush                   
000016a5  exit                           
000016ed  HOSTclose                      
00001731  HOSTunlink                     
00001775  __TI_auto_init_nobinit_nopinit 
000017b9  getdevice                      
000017fd  __TI_writemsg                  
0000182b  C$$IO$$                        
00001835  strncpy                        
0000186d  __TI_cleanup                   
000018a1  __TI_readmsg                   
000018d5  _c_int00_noargs                
00001909  finddevice                     
00001939  remove                         
00001939  unlink                         
0000198d  lseek                          
000019b5  write                          
000019dd  memchr                         
000019fd  _abort_msg                     
00001a19  __TI_zero_init_nomemset        
00001a51  strcmp                         
00001a69  strchr                         
00001a7f  strcpy                         
00001a93  strlen                         
00001aa7  __TI_decompress_none           
00001ab5  ResetISR                       
00001ac1  malloc                         
00001ac9  _system_pre_init               
00001acd  C$$EXIT                        
00001acd  abort                          
00001cf4  __TI_Handler_Table_Base        
00001d00  __TI_Handler_Table_Limit       
00001d08  __TI_CINIT_Base                
00001d18  __TI_CINIT_Limit               
20000000  __start___llvm_prf_cnts        
20000000  __stop___llvm_prf_cnts         
20000000  _ftable                        
200000f0  NVIC_PRI_REGS                  
2000017c  _device                        
200001f4  _stream                        
20000244  __TI_ft_end                    
20000248  __aeabi_stdin                  
2000024c  __aeabi_stdout                 
20000250  __aeabi_stderr                 
20000254  __TI_cleanup_ptr               
20000258  __TI_dtors_ptr                 
2000025c  __TI_enable_exit_profile_output
20000260  _lock                          
20000264  _unlock                        
20000278  __stack                        
20000478  __CIOBUF_                      
20000478  __STACK_END                    
20000478  __STACK_TOP                    
20000598  __TI_tmpnams                   
20000638  parmbuf                        
20000640  _sys_memory                    
ffffffff  __TI_pprof_out_hndl            
ffffffff  __TI_prof_data_size            
ffffffff  __TI_prof_data_start           
ffffffff  __binit__                      
ffffffff  __c_args__                     
ffffffff  binit                          
UNDEFED   __mpu_init                     
UNDEFED   _system_post_cinit             

[105 symbols]
